
user@PC123 MINGW64 ~/Desktop/New folder
$ git init
Initialized empty Git repository in C:/Users/user/Desktop/New folder/.git/

user@PC123 MINGW64 ~/Desktop/New folder (master)
$ git status
On branch master

No commits yet

Untracked files:
  (use "git add <file>..." to include in what will be committed)
        Fuel_Economy_Data_Analysis.R

nothing added to commit but untracked files present (use "git add" to track)

user@PC123 MINGW64 ~/Desktop/New folder (master)
$ git add .

user@PC123 MINGW64 ~/Desktop/New folder (master)
$ git commit -m 'fuel_economy'
[master (root-commit) 7914734] fuel_economy
 1 file changed, 71 insertions(+)
 create mode 100644 Fuel_Economy_Data_Analysis.R

user@PC123 MINGW64 ~/Desktop/New folder (master)
$ git remote add origin https://github.com/abahaq/Fuel_Economy_Data.git

user@PC123 MINGW64 ~/Desktop/New folder (master)
$ git push -u origin master
Enumerating objects: 3, done.
Counting objects: 100% (3/3), done.
Delta compression using up to 4 threads
Compressing objects: 100% (3/3), done.
Writing objects: 100% (3/3), 937 bytes | 468.00 KiB/s, done.
Total 3 (delta 0), reused 0 (delta 0)
To https://github.com/abahaq/Fuel_Economy_Data.git
 * [new branch]      master -> master
Branch 'master' set up to track remote branch 'master' from 'origin'.

user@PC123 MINGW64 ~/Desktop/New folder (master)
$

